// Jest Snapshot v1, https://goo.gl/fbAQLP

exports[`days view renders correctly 1`] = `
<div
  data-testid="daysview-container"
>
  <div
    style={
      Object {
        "display": "flex",
        "justifyContent": "space-between",
        "margin": "1rem",
      }
    }
  >
    <div>
      S
    </div>
    <div>
      M
    </div>
    <div>
      T
    </div>
    <div>
      W
    </div>
    <div>
      T
    </div>
    <div>
      F
    </div>
    <div>
      S
    </div>
  </div>
  <div
    data-testid="day-grid"
    style={
      Object {
        "display": "flex",
        "justifyContent": "space-between",
        "margin": "0.3rem",
      }
    }
  >
    <div>
      <button
        className="white bg-blue btn-date"
        onClick={[Function]}
        type="button"
      >
        <time
          dateTime="2022-10-27"
        >
          27
        </time>
      </button>
    </div>
    <div>
      <button
        className="btn-date"
        onClick={[Function]}
        type="button"
      >
        <time
          dateTime="2022-10-02"
        >
          2
        </time>
      </button>
    </div>
    <div>
      <button
        className="btn-date"
        onClick={[Function]}
        type="button"
      >
        <time
          dateTime="2022-10-03"
        >
          3
        </time>
      </button>
    </div>
  </div>
</div>
`;
